Starting a Gradle Daemon, 25 busy and 1 incompatible and 3 stopped Daemons could not be reused, use --status for details
> Task :app:preBuild UP-TO-DATE
> Task :app:preDebugBuild UP-TO-DATE
> Task :app:mergeDebugNativeDebugMetadata NO-SOURCE
> Task :app:checkKotlinGradlePluginConfigurationErrors SKIPPED
> Task :app:generateDebugBuildConfig UP-TO-DATE
> Task :app:checkDebugAarMetadata UP-TO-DATE
> Task :app:processDebugNavigationResources UP-TO-DATE
> Task :app:compileDebugNavigationResources UP-TO-DATE
> Task :app:generateDebugResValues UP-TO-DATE
> Task :app:injectCrashlyticsMappingFileIdDebug UP-TO-DATE
> Task :app:processDebugGoogleServices UP-TO-DATE
> Task :app:mapDebugSourceSetPaths UP-TO-DATE
> Task :app:generateDebugResources UP-TO-DATE
> Task :app:mergeDebugResources UP-TO-DATE
> Task :app:packageDebugResources UP-TO-DATE
> Task :app:parseDebugLocalResources UP-TO-DATE
> Task :app:createDebugCompatibleScreenManifests UP-TO-DATE
> Task :app:extractDeepLinksDebug UP-TO-DATE
> Task :app:processDebugMainManifest UP-TO-DATE
> Task :app:processDebugManifest UP-TO-DATE
> Task :app:processDebugManifestForPackage UP-TO-DATE
> Task :app:processDebugResources UP-TO-DATE
> Task :app:javaPreCompileDebug UP-TO-DATE
> Task :app:mergeDebugShaders UP-TO-DATE
> Task :app:compileDebugShaders NO-SOURCE
> Task :app:generateDebugAssets UP-TO-DATE
> Task :app:mergeDebugAssets UP-TO-DATE
> Task :app:compressDebugAssets UP-TO-DATE
> Task :app:checkDebugDuplicateClasses UP-TO-DATE
> Task :app:desugarDebugFileDependencies UP-TO-DATE
> Task :app:mergeExtDexDebug UP-TO-DATE
> Task :app:mergeLibDexDebug UP-TO-DATE
> Task :app:mergeDebugJniLibFolders UP-TO-DATE
> Task :app:mergeDebugNativeLibs UP-TO-DATE
> Task :app:stripDebugDebugSymbols UP-TO-DATE
> Task :app:validateSigningDebug UP-TO-DATE
> Task :app:writeDebugAppMetadata UP-TO-DATE
> Task :app:writeDebugSigningConfigVersions UP-TO-DATE
> Task :app:kspDebugKotlin
> Task :app:compileDebugKotlin
w: file:///home/daffarizky/Project%20Halalytics/HalalyticsCompose/app/src/main/java/com/example/halalyticscompose/ui/screens/AddMedicineReminderScreen.kt:91:17 Condition is always 'true'.
w: file:///home/daffarizky/Project%20Halalytics/HalalyticsCompose/app/src/main/java/com/example/halalyticscompose/ui/screens/AllFeaturesScreen.kt:35:60 'val Icons.Filled.MenuBook: ImageVector' is deprecated. Use the AutoMirrored version at Icons.AutoMirrored.Filled.MenuBook.
w: file:///home/daffarizky/Project%20Halalytics/HalalyticsCompose/app/src/main/java/com/example/halalyticscompose/ui/screens/ConsultationScreen.kt:48:36 'val Icons.Filled.Chat: ImageVector' is deprecated. Use the AutoMirrored version at Icons.AutoMirrored.Filled.Chat.
w: file:///home/daffarizky/Project%20Halalytics/HalalyticsCompose/app/src/main/java/com/example/halalyticscompose/ui/screens/EditProfileScreen.kt:629:48 'val Icons.Filled.DirectionsRun: ImageVector' is deprecated. Use the AutoMirrored version at Icons.AutoMirrored.Filled.DirectionsRun.
w: file:///home/daffarizky/Project%20Halalytics/HalalyticsCompose/app/src/main/java/com/example/halalyticscompose/ui/screens/LoginScreen.kt:31:8 'class GoogleSignInOptions : AbstractSafeParcelable, Api.ApiOptions.Optional, ReflectedParcelable' is deprecated. Deprecated in Java.
w: file:///home/daffarizky/Project%20Halalytics/HalalyticsCompose/app/src/main/java/com/example/halalyticscompose/ui/screens/LoginScreen.kt:118:31 'class GoogleSignInOptions : AbstractSafeParcelable, Api.ApiOptions.Optional, ReflectedParcelable' is deprecated. Deprecated in Java.
w: file:///home/daffarizky/Project%20Halalytics/HalalyticsCompose/app/src/main/java/com/example/halalyticscompose/ui/screens/LoginScreen.kt:118:59 'class GoogleSignInOptions : AbstractSafeParcelable, Api.ApiOptions.Optional, ReflectedParcelable' is deprecated. Deprecated in Java.
w: file:///home/daffarizky/Project%20Halalytics/HalalyticsCompose/app/src/main/java/com/example/halalyticscompose/ui/screens/NutritionistMainScreen.kt:24:121 'val Icons.Filled.MenuBook: ImageVector' is deprecated. Use the AutoMirrored version at Icons.AutoMirrored.Filled.MenuBook.
w: file:///home/daffarizky/Project%20Halalytics/HalalyticsCompose/app/src/main/java/com/example/halalyticscompose/ui/screens/ProfileScreen.kt:174:36 'val Icons.Filled.Logout: ImageVector' is deprecated. Use the AutoMirrored version at Icons.AutoMirrored.Filled.Logout.
w: file:///home/daffarizky/Project%20Halalytics/HalalyticsCompose/app/src/main/java/com/example/halalyticscompose/ui/viewmodel/HelpCenterViewModel.kt:37:66 Unchecked cast of 'kotlin.Any?' to 'kotlin.collections.List<kotlin.collections.Map<kotlin.String, kotlin.Any>>'.
w: file:///home/daffarizky/Project%20Halalytics/HalalyticsCompose/app/src/main/java/com/example/halalyticscompose/ui/viewmodel/MedicalInfoViewModel.kt:37:57 Unchecked cast of 'kotlin.Any?' to 'kotlin.collections.Map<kotlin.String, kotlin.Any>'.
w: file:///home/daffarizky/Project%20Halalytics/HalalyticsCompose/app/src/main/java/com/example/halalyticscompose/ui/viewmodel/MentalHealthViewModel.kt:43:60 Unchecked cast of 'kotlin.Any?' to 'kotlin.collections.List<kotlin.collections.Map<kotlin.String, kotlin.Any>>'.
w: file:///home/daffarizky/Project%20Halalytics/HalalyticsCompose/app/src/main/java/com/example/halalyticscompose/ui/viewmodel/MentalHealthViewModel.kt:61:64 Unchecked cast of 'kotlin.Any?' to 'kotlin.collections.List<kotlin.collections.Map<kotlin.String, kotlin.Any>>'.
w: file:///home/daffarizky/Project%20Halalytics/HalalyticsCompose/app/src/main/java/com/example/halalyticscompose/ui/viewmodel/MentalHealthViewModel.kt:66:68 Unchecked cast of 'kotlin.Any?' to 'kotlin.collections.List<kotlin.collections.Map<kotlin.String, kotlin.Any>>'.
w: file:///home/daffarizky/Project%20Halalytics/HalalyticsCompose/app/src/main/java/com/example/halalyticscompose/ui/viewmodel/MentalHealthViewModel.kt:71:66 Unchecked cast of 'kotlin.Any?' to 'kotlin.collections.List<kotlin.collections.Map<kotlin.String, kotlin.Any>>'.

> Task :app:compileDebugJavaWithJavac UP-TO-DATE
> Task :app:hiltAggregateDepsDebug UP-TO-DATE
> Task :app:hiltJavaCompileDebug UP-TO-DATE
> Task :app:processDebugJavaRes UP-TO-DATE
> Task :app:mergeDebugJavaResource UP-TO-DATE
> Task :app:transformDebugClassesWithAsm
> Task :app:dexBuilderDebug
> Task :app:mergeProjectDexDebug
> Task :app:packageDebug
> Task :app:createDebugApkListingFileRedirect UP-TO-DATE
> Task :app:assembleDebug

BUILD SUCCESSFUL in 2m 50s
44 actionable tasks: 6 executed, 38 up-to-date
